I'm sorry, but errors were detected in your script. Please correct the
errors listed below, and try again.


File "game/screens.rpy", line 226: u'textalign' is not a keyword argument or valid child for the frame statement.
    textalign left
             ^

Ren'Py Version: Ren'Py 6.99.8.959
